using build image: mackernel-build-gcc14 (gcc-14)
target arch: arm64
extra fragment: /home/elazarl/mackernel/.mk-bundle-9jjo13i8/frag0-repro.config
  HOSTCC  scripts/basic/fixdep
  HOSTCC  scripts/kconfig/conf.o
  HOSTCC  scripts/kconfig/confdata.o
  HOSTCC  scripts/kconfig/expr.o
  LEX     scripts/kconfig/lexer.lex.c
  YACC    scripts/kconfig/parser.tab.[ch]
  HOSTCC  scripts/kconfig/lexer.lex.o
  HOSTCC  scripts/kconfig/menu.o
  HOSTCC  scripts/kconfig/parser.tab.o
  HOSTCC  scripts/kconfig/preprocess.o
  HOSTCC  scripts/kconfig/symbol.o
  HOSTCC  scripts/kconfig/util.o
  HOSTLD  scripts/kconfig/conf
#
# configuration written to .config
#
Using .config as base
Merging ./kernel/configs/tiny.config
Value of CONFIG_CC_OPTIMIZE_FOR_SIZE is redefined by fragment ./kernel/configs/tiny.config:
Previous value: # CONFIG_CC_OPTIMIZE_FOR_SIZE is not set
New value: CONFIG_CC_OPTIMIZE_FOR_SIZE=y

Value of CONFIG_SLUB_TINY is redefined by fragment ./kernel/configs/tiny.config:
Previous value: # CONFIG_SLUB_TINY is not set
New value: CONFIG_SLUB_TINY=y

#
# merged configuration written to .config (needs make)
#
#
# configuration written to .config
#
Using .config as base
Merging /kconf/base.config
Value of CONFIG_PRINTK is redefined by fragment /kconf/base.config:
Previous value: # CONFIG_PRINTK is not set
New value: CONFIG_PRINTK=y

Value of CONFIG_TTY is redefined by fragment /kconf/base.config:
Previous value: # CONFIG_TTY is not set
New value: CONFIG_TTY=y

Value of CONFIG_BLOCK is redefined by fragment /kconf/base.config:
Previous value: # CONFIG_BLOCK is not set
New value: CONFIG_BLOCK=y

Value of CONFIG_PCI is redefined by fragment /kconf/base.config:
Previous value: # CONFIG_PCI is not set
New value: CONFIG_PCI=y

Value of CONFIG_VIRTIO_MENU is redefined by fragment /kconf/base.config:
Previous value: # CONFIG_VIRTIO_MENU is not set
New value: CONFIG_VIRTIO_MENU=y

Value of CONFIG_HW_RANDOM is redefined by fragment /kconf/base.config:
Previous value: # CONFIG_HW_RANDOM is not set
New value: CONFIG_HW_RANDOM=y

Value of CONFIG_BINFMT_ELF is redefined by fragment /kconf/base.config:
Previous value: # CONFIG_BINFMT_ELF is not set
New value: CONFIG_BINFMT_ELF=y

Value of CONFIG_BINFMT_SCRIPT is redefined by fragment /kconf/base.config:
Previous value: # CONFIG_BINFMT_SCRIPT is not set
New value: CONFIG_BINFMT_SCRIPT=y

Value of CONFIG_BINFMT_MISC is redefined by fragment /kconf/base.config:
Previous value: # CONFIG_BINFMT_MISC is not set
New value: CONFIG_BINFMT_MISC=y

Value of CONFIG_AUTOFS_FS is redefined by fragment /kconf/base.config:
Previous value: # CONFIG_AUTOFS_FS is not set
New value: CONFIG_AUTOFS_FS=y

Value of CONFIG_MODULES is redefined by fragment /kconf/base.config:
Previous value: # CONFIG_MODULES is not set
New value: CONFIG_MODULES=y

Value of CONFIG_PROC_FS is redefined by fragment /kconf/base.config:
Previous value: # CONFIG_PROC_FS is not set
New value: CONFIG_PROC_FS=y

Value of CONFIG_SYSFS is redefined by fragment /kconf/base.config:
Previous value: # CONFIG_SYSFS is not set
New value: CONFIG_SYSFS=y

Value of CONFIG_DEVTMPFS is redefined by fragment /kconf/base.config:
Previous value: # CONFIG_DEVTMPFS is not set
New value: CONFIG_DEVTMPFS=y

Value of CONFIG_FUTEX is redefined by fragment /kconf/base.config:
Previous value: # CONFIG_FUTEX is not set
New value: CONFIG_FUTEX=y

Value of CONFIG_MULTIUSER is redefined by fragment /kconf/base.config:
Previous value: # CONFIG_MULTIUSER is not set
New value: CONFIG_MULTIUSER=y

Value of CONFIG_BLK_DEV_INITRD is redefined by fragment /kconf/base.config:
Previous value: # CONFIG_BLK_DEV_INITRD is not set
New value: CONFIG_BLK_DEV_INITRD=y

Value of CONFIG_KALLSYMS is redefined by fragment /kconf/base.config:
Previous value: # CONFIG_KALLSYMS is not set
New value: CONFIG_KALLSYMS=y

Value of CONFIG_DEBUG_INFO_DWARF5 is redefined by fragment /kconf/base.config:
Previous value: # CONFIG_DEBUG_INFO_DWARF5 is not set
New value: CONFIG_DEBUG_INFO_DWARF5=y

Value of CONFIG_NET is redefined by fragment /kconf/base.config:
Previous value: # CONFIG_NET is not set
New value: CONFIG_NET=y

Value of CONFIG_POSIX_TIMERS is redefined by fragment /kconf/base.config:
Previous value: # CONFIG_POSIX_TIMERS is not set
New value: # CONFIG_POSIX_TIMERS is not set") and drops to emergency mode (no sshd). CONFIG_POSIX_TIMERS=y

Value of CONFIG_CGROUPS is redefined by fragment /kconf/base.config:
Previous value: # CONFIG_CGROUPS is not set
New value: CONFIG_CGROUPS=y

Value of CONFIG_EPOLL is redefined by fragment /kconf/base.config:
Previous value: # CONFIG_EPOLL is not set
New value: CONFIG_EPOLL=y

Value of CONFIG_SIGNALFD is redefined by fragment /kconf/base.config:
Previous value: # CONFIG_SIGNALFD is not set
New value: CONFIG_SIGNALFD=y

Value of CONFIG_TIMERFD is redefined by fragment /kconf/base.config:
Previous value: # CONFIG_TIMERFD is not set
New value: CONFIG_TIMERFD=y

Value of CONFIG_EVENTFD is redefined by fragment /kconf/base.config:
Previous value: # CONFIG_EVENTFD is not set
New value: CONFIG_EVENTFD=y

Value of CONFIG_INOTIFY_USER is redefined by fragment /kconf/base.config:
Previous value: # CONFIG_INOTIFY_USER is not set
New value: CONFIG_INOTIFY_USER=y

Value of CONFIG_FHANDLE is redefined by fragment /kconf/base.config:
Previous value: # CONFIG_FHANDLE is not set
New value: CONFIG_FHANDLE=y

Value of CONFIG_FILE_LOCKING is redefined by fragment /kconf/base.config:
Previous value: # CONFIG_FILE_LOCKING is not set
New value: CONFIG_FILE_LOCKING=y

Value of CONFIG_SHMEM is redefined by fragment /kconf/base.config:
Previous value: # CONFIG_SHMEM is not set
New value: CONFIG_SHMEM=y

Value of CONFIG_SECCOMP is redefined by fragment /kconf/base.config:
Previous value: # CONFIG_SECCOMP is not set
New value: CONFIG_SECCOMP=y

Value of CONFIG_CRYPTO is redefined by fragment /kconf/base.config:
Previous value: # CONFIG_CRYPTO is not set
New value: CONFIG_CRYPTO=y

Value of CONFIG_NLS is redefined by fragment /kconf/base.config:
Previous value: # CONFIG_NLS is not set
New value: CONFIG_NLS=y

Merging /kconf/arm64.config
Value of CONFIG_POWER_RESET_SYSCON is redefined by fragment /kconf/arm64.config:
Previous value: # CONFIG_POWER_RESET_SYSCON is not set
New value: CONFIG_POWER_RESET_SYSCON=y

Merging /frags/frag0.config
Value of CONFIG_CPU_FREQ is redefined by fragment /frags/frag0.config:
Previous value: # CONFIG_CPU_FREQ is not set
New value: CONFIG_CPU_FREQ=y

Value of CONFIG_SLUB_TINY is redefined by fragment /frags/frag0.config:
Previous value: CONFIG_SLUB_TINY=y
New value: # CONFIG_SLUB_TINY is not set

#
# merged configuration written to .config (needs make)
#
#
# configuration written to .config
#
=== configured. key options: ===
CONFIG_CGROUPS=y
CONFIG_NET=y
CONFIG_INET=y
CONFIG_PCI_HOST_GENERIC=y
CONFIG_VIRTIO_BLK=y
CONFIG_VIRTIO_NET=y
CONFIG_SERIAL_AMBA_PL011_CONSOLE=y
CONFIG_EXT4_FS=y
CONFIG_INOTIFY_USER=y
CONFIG_ISO9660_FS=y
CONFIG_KASAN=y
using build image: mackernel-build-gcc14 (gcc-14)
target arch: arm64
  SYNC    include/config/auto.conf
  WRAP    arch/arm64/include/generated/uapi/asm/kvm_para.h
  WRAP    arch/arm64/include/generated/uapi/asm/errno.h
  WRAP    arch/arm64/include/generated/uapi/asm/ioctl.h
  WRAP    arch/arm64/include/generated/uapi/asm/ioctls.h
  WRAP    arch/arm64/include/generated/uapi/asm/ipcbuf.h
  WRAP    arch/arm64/include/generated/uapi/asm/msgbuf.h
  WRAP    arch/arm64/include/generated/uapi/asm/poll.h
  WRAP    arch/arm64/include/generated/uapi/asm/resource.h
  WRAP    arch/arm64/include/generated/uapi/asm/sembuf.h
  WRAP    arch/arm64/include/generated/uapi/asm/shmbuf.h
  WRAP    arch/arm64/include/generated/uapi/asm/siginfo.h
  WRAP    arch/arm64/include/generated/uapi/asm/socket.h
  UPD     include/config/kernel.release
  WRAP    arch/arm64/include/generated/uapi/asm/sockios.h
  WRAP    arch/arm64/include/generated/uapi/asm/stat.h
  WRAP    arch/arm64/include/generated/uapi/asm/swab.h
  WRAP    arch/arm64/include/generated/uapi/asm/termbits.h
  WRAP    arch/arm64/include/generated/uapi/asm/termios.h
  WRAP    arch/arm64/include/generated/uapi/asm/types.h
  SYSHDR  arch/arm64/include/generated/uapi/asm/unistd_64.h
  UPD     include/generated/uapi/linux/version.h
  HOSTCC  scripts/dtc/dtc.o
  HOSTCC  scripts/dtc/flattree.o
  HOSTCC  scripts/dtc/fstree.o
  HOSTCC  scripts/dtc/data.o
  HOSTCC  scripts/dtc/livetree.o
  UPD     include/generated/utsrelease.h
  HOSTCC  scripts/dtc/treesource.o
  HOSTCC  scripts/dtc/checks.o
  HOSTCC  scripts/dtc/srcpos.o
  UPD     include/generated/compile.h
  HOSTCC  scripts/dtc/util.o
  LEX     scripts/dtc/dtc-lexer.lex.c
  YACC    scripts/dtc/dtc-parser.tab.[ch]
  HOSTCC  scripts/dtc/libfdt/fdt.o
  HOSTCC  scripts/dtc/libfdt/fdt_ro.o
  HOSTCC  scripts/dtc/libfdt/fdt_wip.o
  WRAP    arch/arm64/include/generated/asm/early_ioremap.h
  WRAP    arch/arm64/include/generated/asm/fprobe.h
  WRAP    arch/arm64/include/generated/asm/mcs_spinlock.h
  WRAP    arch/arm64/include/generated/asm/mmzone.h
  HOSTCC  scripts/dtc/libfdt/fdt_sw.o
  WRAP    arch/arm64/include/generated/asm/qrwlock.h
  WRAP    arch/arm64/include/generated/asm/qspinlock.h
  WRAP    arch/arm64/include/generated/asm/parport.h
  WRAP    arch/arm64/include/generated/asm/user.h
  WRAP    arch/arm64/include/generated/asm/delay.h
  WRAP    arch/arm64/include/generated/asm/div64.h
  WRAP    arch/arm64/include/generated/asm/dma-mapping.h
  WRAP    arch/arm64/include/generated/asm/dma.h
  WRAP    arch/arm64/include/generated/asm/emergency-restart.h
  HOSTCC  scripts/dtc/libfdt/fdt_rw.o
  WRAP    arch/arm64/include/generated/asm/hw_irq.h
  WRAP    arch/arm64/include/generated/asm/irq_regs.h
  WRAP    arch/arm64/include/generated/asm/kdebug.h
  WRAP    arch/arm64/include/generated/asm/kmap_size.h
  WRAP    arch/arm64/include/generated/asm/local.h
  WRAP    arch/arm64/include/generated/asm/local64.h
  WRAP    arch/arm64/include/generated/asm/mmiowb.h
  HOSTCC  scripts/dtc/libfdt/fdt_strerror.o
  WRAP    arch/arm64/include/generated/asm/msi.h
  WRAP    arch/arm64/include/generated/asm/serial.h
  WRAP    arch/arm64/include/generated/asm/softirq_stack.h
  WRAP    arch/arm64/include/generated/asm/switch_to.h
  WRAP    arch/arm64/include/generated/asm/trace_clock.h
  WRAP    arch/arm64/include/generated/asm/unwind_user.h
  WRAP    arch/arm64/include/generated/asm/vga.h
  HOSTCC  scripts/dtc/libfdt/fdt_empty_tree.o
  HOSTCC  scripts/dtc/libfdt/fdt_addresses.o
  WRAP    arch/arm64/include/generated/asm/video.h
  SYSTBL  arch/arm64/include/generated/asm/syscall_table_32.h
  HOSTCC  scripts/dtc/libfdt/fdt_overlay.o
  HOSTCC  scripts/dtc/fdtoverlay.o
  HOSTCC  scripts/dtc/dtc-lexer.lex.o
  SYSTBL  arch/arm64/include/generated/asm/syscall_table_64.h
  SYSHDR  arch/arm64/include/generated/asm/unistd_32.h
  HOSTCC  scripts/dtc/dtc-parser.tab.o
  SYSHDR  arch/arm64/include/generated/asm/unistd_compat_32.h
  HOSTLD  scripts/dtc/fdtoverlay
  HOSTLD  scripts/dtc/dtc
  HOSTCC  scripts/kallsyms
  HOSTCC  scripts/sorttable.o
  HOSTCC  scripts/elf-parse.o
  HOSTLD  scripts/sorttable
  GEN     arch/arm64/include/generated/asm/cpucap-defs.h
  GEN     arch/arm64/include/generated/asm/sysreg-defs.h
  HOSTCC  scripts/mod/mk_elfconfig
  CC      scripts/mod/empty.o
  CC      scripts/mod/devicetable-offsets.s
  UPD     scripts/mod/devicetable-offsets.h
  MKELF   scripts/mod/elfconfig.h
  HOSTCC  scripts/mod/modpost.o
  HOSTCC  scripts/mod/file2alias.o
  HOSTCC  scripts/mod/sumversion.o
  HOSTCC  scripts/mod/symsearch.o
  HOSTLD  scripts/mod/modpost
  CC      kernel/bounds.s
  CHKSHA1 include/linux/atomic/atomic-instrumented.h
  CHKSHA1 include/linux/atomic/atomic-arch-fallback.h
  CHKSHA1 include/linux/atomic/atomic-long.h
  UPD     include/generated/timeconst.h
  UPD     include/generated/bounds.h
  CC      arch/arm64/kernel/asm-offsets.s
  UPD     include/generated/asm-offsets.h
  CC      kernel/sched/rq-offsets.s
  UPD     include/generated/rq-offsets.h
  CALL    scripts/checksyscalls.sh
  LDS     arch/arm64/kernel/vdso/vdso.lds
  CC      arch/arm64/kernel/vdso/vgettimeofday.o
  AS      arch/arm64/kernel/vdso/note.o
  AS      arch/arm64/kernel/vdso/sigreturn.o
  CC      arch/arm64/kernel/vdso/vgetrandom.o
  AS      arch/arm64/kernel/vdso/vgetrandom-chacha.o
  LD      arch/arm64/kernel/vdso/vdso.so.dbg
  VDSOSYM include/generated/vdso-offsets.h
  OBJCOPY arch/arm64/kernel/vdso/vdso.so
  CC      init/main.o
  HOSTCC  usr/gen_init_cpio
  AS      arch/arm64/kernel/entry.o
  CC      arch/arm64/kernel/debug-monitors.o
  CC      mm/filemap.o
  AR      certs/built-in.a
  CC      init/do_mounts.o
  CC      ipc/mqueue.o
  CC      fs/open.o
  CC      arch/arm64/mm/dma-mapping.o
  AR      arch/arm64/net/built-in.a
  CC      security/commoncap.o
  UPD     init/utsversion-tmp.h
  AR      arch/arm64/crypto/built-in.a
  CC      arch/arm64/mm/extable.o
  CC      security/min_addr.o
  CC      mm/mempool.o
  CC      arch/arm64/kernel/irq.o
  CC      kernel/fork.o
  CC      security/device_cgroup.o
  CC      crypto/api.o
  GEN     usr/initramfs_data.cpio
  COPY    usr/initramfs_inc_data
  AS      usr/initramfs_data.o
  AR      usr/built-in.a
  CC      crypto/cipher.o
  CC      fs/read_write.o
  CC      crypto/algapi.o
  CC      arch/arm64/mm/fault.o
  CC      arch/arm64/mm/init.o
  CC      arch/arm64/kernel/fpsimd.o
  CC      mm/oom_kill.o
  CC      crypto/scatterwalk.o
  CC      crypto/proc.o
  CC      crypto/aead.o
  CC      mm/fadvise.o
  AR      security/built-in.a
  CC      block/bdev.o
  CC      init/do_mounts_initrd.o
  CC      arch/arm64/kernel/entry-common.o
  CC      ipc/msgutil.o
  CC      block/fops.o
  CC      init/initramfs.o
  CC      fs/file_table.o
  CC      ipc/namespace.o
  AS      arch/arm64/mm/cache.o
  CC      crypto/lskcipher.o
  CC      block/bio.o
  CC      arch/arm64/mm/copypage.o
  CC      block/elevator.o
  CC      fs/super.o
  CC      fs/char_dev.o
  CC      block/blk-core.o
  CC      kernel/exec_domain.o
  CC      crypto/skcipher.o
  CC      ipc/mq_sysctl.o
  AS      arch/arm64/kernel/entry-fpsimd.o
  CC      arch/arm64/kernel/process.o
  CC      mm/maccess.o
  CC      crypto/ahash.o
  CC      arch/arm64/mm/flush.o
  CC      init/calibrate.o
  CC      crypto/shash.o
  CC      kernel/panic.o
  CC      crypto/akcipher.o
  CC      init/init_task.o
  AR      ipc/built-in.a
  CC      init/version.o
  CC      arch/arm64/kernel/ptrace.o
  AS      arch/arm64/lib/clear_page.o
  AS      arch/arm64/lib/clear_user.o
  CC      lib/argv_split.o
  AS      arch/arm64/lib/copy_from_user.o
  AS      arch/arm64/lib/copy_page.o
  AS      arch/arm64/lib/copy_to_user.o
  CC      arch/arm64/lib/csum.o
  CC      lib/buildid.o
  CC      fs/stat.o
  CC      mm/page-writeback.o
  CC      arch/arm64/mm/ioremap.o
  CC      arch/arm64/lib/delay.o
  CC      arch/arm64/lib/insn.o
  CC      block/blk-sysfs.o
  CC      crypto/sig.o
  CC      crypto/kpp.o
  CC      crypto/acompress.o
  AR      init/built-in.a
  CC      kernel/cpu.o
  CC      arch/arm64/mm/mmap.o
  CC      kernel/exit.o
  CC      crypto/scompress.o
  CC      crypto/algboss.o
  CC      arch/arm64/kernel/setup.o
  CC      crypto/testmgr.o
  AS      arch/arm64/lib/memchr.o
  AS      arch/arm64/lib/memcmp.o
  AS      arch/arm64/lib/memcpy.o
  AS      arch/arm64/lib/memset.o
  AS      arch/arm64/lib/strchr.o
  AS      arch/arm64/lib/strcmp.o
  CC      lib/cmdline.o
  CC      kernel/softirq.o
  AS      arch/arm64/lib/strlen.o
  AS      arch/arm64/lib/strncmp.o
  AS      arch/arm64/lib/strnlen.o
  CC      lib/cpumask.o
  CC      arch/arm64/mm/pgd.o
  AS      arch/arm64/lib/strrchr.o
  CC      lib/ctype.o
  AS      arch/arm64/lib/tishift.o
  CC      lib/dec_and_lock.o
  AR      arch/arm64/lib/built-in.a
  CC      lib/decompress.o
  AR      arch/arm64/lib/lib.a
  CC      kernel/resource.o
  CC      fs/exec.o
  CC      crypto/hmac.o
  CC      block/blk-flush.o
  CC      arch/arm64/mm/mem_encrypt.o
  CC      arch/arm64/mm/mmu.o
  CC      mm/folio-compat.o
  CC      arch/arm64/kernel/signal.o
  AR      drivers/cache/built-in.a
  CC      drivers/irqchip/irqchip.o
  CC      drivers/irqchip/irq-gic.o
  CC      lib/decompress_bunzip2.o
  CC      drivers/irqchip/irq-gic-common.o
  CC      drivers/bus/simple-pm-bus.o
  CC      mm/readahead.o
  AR      drivers/pwm/built-in.a
  CC      lib/decompress_inflate.o
  CC      block/blk-settings.o
  CC      mm/swap.o
  CC      crypto/sha256.o
  CC      fs/pipe.o
  CC      mm/truncate.o
  CC      crypto/rng.o
  CC      drivers/irqchip/irq-msi-lib.o
  CC      fs/namei.o
  AR      drivers/bus/mhi/built-in.a
  AR      drivers/bus/built-in.a
  CC      block/blk-ioc.o
  CC      kernel/sysctl.o
  CC      lib/decompress_unlz4.o
  CC      arch/arm64/kernel/sys.o
  CC      kernel/capability.o
  CC      block/blk-map.o
  CC      mm/vmscan.o
  CC      drivers/irqchip/irq-gic-v2m.o
  CC      block/blk-merge.o
  CC      mm/shrinker.o
  CC      arch/arm64/mm/context.o
  CC      lib/decompress_unlzma.o
  CC      crypto/af_alg.o
  CC      mm/shmem.o
  CC      arch/arm64/kernel/stacktrace.o
  CC      crypto/algif_hash.o
  CC      arch/arm64/kernel/time.o
  CC      mm/util.o
  CC      arch/arm64/kernel/traps.o
  CC      kernel/ptrace.o
  CC      fs/fcntl.o
  CC      fs/ioctl.o
  CC      drivers/irqchip/irq-gic-v3.o
  CC      lib/decompress_unlzo.o
  AS      arch/arm64/mm/proc.o
  CC      lib/decompress_unxz.o
  CC      arch/arm64/mm/pageattr.o
  CC      block/blk-timeout.o
  CC      block/blk-lib.o
  CC      block/blk-mq.o
  CC      lib/decompress_unzstd.o
  CC      kernel/user.o
  CC      arch/arm64/kernel/io.o
  AR      crypto/built-in.a
  AR      drivers/leds/blink/built-in.a
  AR      drivers/leds/simatic/built-in.a
  CC      drivers/pci/access.o
  AR      drivers/leds/built-in.a
  CC      drivers/video/console/dummycon.o
  CC      drivers/pci/bus.o
  CC      drivers/pci/probe.o
  CC      arch/arm64/mm/fixmap.o
  CC      fs/readdir.o
  CC      arch/arm64/mm/kasan_init.o
  CC      lib/dump_stack.o
  CC      arch/arm64/kernel/vdso.o
  AR      sound/built-in.a
  CC      drivers/pci/host-bridge.o
  CC      kernel/signal.o
  CC      drivers/irqchip/irq-gic-v3-mbi.o
  CC      net/devres.o
  AR      drivers/video/console/built-in.a
  AR      drivers/video/backlight/built-in.a
  AR      drivers/video/fbdev/core/built-in.a
  CC      block/blk-mq-tag.o
  AR      drivers/video/fbdev/omap/built-in.a
  CC      mm/mmzone.o
  AR      drivers/video/fbdev/omap2/omapfb/dss/built-in.a
  AR      drivers/video/fbdev/omap2/omapfb/displays/built-in.a
  AR      drivers/video/fbdev/omap2/omapfb/built-in.a
  AR      drivers/video/fbdev/omap2/built-in.a
  AR      drivers/video/fbdev/built-in.a
  AR      drivers/video/built-in.a
  CC      mm/vmstat.o
  CC      mm/backing-dev.o
  CC      block/blk-mq-dma.o
  CC      lib/earlycpio.o
  CC      fs/select.o
  AR      arch/arm64/mm/built-in.a
  CC      net/socket.o
  CC      fs/dcache.o
  CC      lib/extable.o
  AS      arch/arm64/kernel/hyp-stub.o
  AR      drivers/idle/built-in.a
  AR      virt/lib/built-in.a
  AR      virt/built-in.a
  CC      mm/mm_init.o
  CC      arch/arm64/kernel/psci.o
  CC      drivers/irqchip/irq-gic-its-msi-parent.o
  CC      arch/arm64/kernel/cpu_ops.o
  CC      mm/percpu.o
  CC      mm/slab_common.o
  CC      block/blk-stat.o
  CC      lib/fdt.o
  CC      mm/compaction.o
  CC      lib/fdt_addresses.o
  CC      arch/arm64/kernel/return_address.o
  CC      drivers/irqchip/irq-gic-v3-its.o
  CC      lib/fdt_empty_tree.o
  CC      lib/fdt_ro.o
  CC      drivers/pci/remove.o
  CC      block/blk-mq-sysfs.o
  CC      block/blk-mq-cpumap.o
  CC      arch/arm64/kernel/cpuinfo.o
  CC      lib/fdt_rw.o
  CC      drivers/pci/pci.o
  AR      drivers/char/ipmi/built-in.a
  CC      fs/inode.o
  CC      net/core/sock.o
  CC      drivers/pci/pci-driver.o
  CC      lib/fdt_strerror.o
  CC      fs/attr.o
  CC      fs/bad_inode.o
  CC      lib/fdt_sw.o
  CC      kernel/sys.o
  CC      kernel/umh.o
  CC      arch/arm64/kernel/cpu_errata.o
  CC      lib/fdt_wip.o
  CC      lib/flex_proportions.o
  CC      kernel/workqueue.o
  CC      lib/idr.o
  CC      fs/file.o
  CC      block/blk-mq-sched.o
  CC      fs/filesystems.o
  CC      arch/arm64/kernel/cpufeature.o
  CC      lib/iomem_copy.o
  CC      fs/namespace.o
  CC      net/ethernet/eth.o
  CC      lib/irq_regs.o
  CC      mm/show_mem.o
  AR      net/802/built-in.a
  CC      fs/seq_file.o
  CC      net/sched/sch_generic.o
  CC      mm/interval_tree.o
  CC      lib/is_single_threaded.o
  CC      drivers/pci/search.o
  CC      mm/list_lru.o
  CC      block/ioctl.o
  CC      lib/klist.o
  CC      arch/arm64/kernel/alternative.o
  CC      drivers/irqchip/irq-gic-v4.o
  CC      drivers/irqchip/irq-gic-v5.o
  CC      lib/kobject.o
  CC      drivers/pci/rebar.o
  CC      drivers/irqchip/irq-gic-v5-irs.o
  CC      lib/kobject_uevent.o
  AR      net/ethernet/built-in.a
  CC      mm/workingset.o
  CC      net/netlink/af_netlink.o
  CC      lib/logic_pio.o
  CC      arch/arm64/kernel/cacheinfo.o
  CC      mm/debug.o
  CC      lib/maple_tree.o
  CC      mm/gup.o
  CC      block/genhd.o
  CC      drivers/pci/rom.o
  CC      arch/arm64/kernel/smp.o
  CC      net/sched/sch_mq.o
  CC      block/ioprio.o
  CC      block/badblocks.o
  CC      lib/memcat_p.o
  CC      arch/arm64/kernel/smp_spin_table.o
  CC      drivers/irqchip/irq-gic-v5-its.o
  CC      net/core/request_sock.o
  CC      mm/mmap_lock.o
  CC      kernel/pid.o
  CC      drivers/pci/setup-res.o
  AR      net/bpf/built-in.a
  CC      net/core/skbuff.o
  CC      drivers/amba/bus.o
  CC      drivers/pci/irq.o
  CC      net/sched/sch_frag.o
  CC      fs/xattr.o
  CC      net/ethtool/ioctl.o
  CC      block/partitions/core.o
  CC      arch/arm64/kernel/topology.o
  CC      block/partitions/msdos.o
  CC      block/partitions/efi.o
  CC      net/ethtool/common.o
  CC      net/netlink/genetlink.o
  CC      mm/vma_init.o
  CC      drivers/pci/vpd.o
  CC      kernel/task_work.o
  AR      drivers/amba/built-in.a
  CC      drivers/irqchip/irq-gic-v5-iwb.o
  CC      drivers/pci/setup-bus.o
  CC      fs/libfs.o
  AS      arch/arm64/kernel/smccc-call.o
  AR      net/sched/built-in.a
  CC      arch/arm64/kernel/syscall.o
  CC      fs/fs-writeback.o
  CC      net/ipv4/route.o
  CC      drivers/clk/clk-devres.o
  AR      block/partitions/built-in.a
  CC      block/blk-rq-qos.o
  CC      net/ipv4/inetpeer.o
  AR      drivers/irqchip/built-in.a
  CC      net/unix/af_unix.o
  CC      kernel/extable.o
  CC      lib/nmi_backtrace.o
  CC      mm/highmem.o
  CC      kernel/params.o
  CC      drivers/clk/clk-bulk.o
  CC      arch/arm64/kernel/proton-pack.o
  CC      net/netlink/policy.o
  CC      lib/objpool.o
  CC      mm/memory.o
  CC      block/disk-events.o
  CC      drivers/pci/vc.o
  CC      arch/arm64/kernel/idle.o
  CC      block/blk-ia-ranges.o
  CC      drivers/clk/clkdev.o
  CC      net/ipv4/protocol.o
  CC      net/ethtool/netlink.o
  CC      fs/pnode.o
  CC      lib/plist.o
  CC      fs/splice.o
  CC      kernel/kthread.o
  CC      lib/radix-tree.o
  AR      net/netlink/built-in.a
  CC      block/early-lookup.o
  CC      arch/arm64/kernel/patching.o
  CC      net/ethtool/bitset.o
  CC      drivers/clk/clk.o
  CC      drivers/pci/mmap.o
  CC      mm/mincore.o
  CC      drivers/clk/clk-divider.o
  CC      net/ipv4/ip_input.o
  CC      block/mq-deadline.o
  CC      arch/arm64/kernel/pi/idreg-override.o
  CC      net/core/datagram.o
  CC      arch/arm64/kernel/rsi.o
  CC      net/unix/garbage.o
  CC      drivers/pci/devres.o
  CC      kernel/sys_ni.o
  CC      lib/ratelimit.o
  AR      drivers/soc/apple/built-in.a
  CC      arch/arm64/kernel/jump_label.o
  AR      drivers/soc/aspeed/built-in.a
  AR      drivers/soc/bcm/built-in.a
  AR      drivers/soc/fsl/built-in.a
  AR      drivers/soc/fujitsu/built-in.a
  AR      drivers/soc/hisilicon/built-in.a
  CC      drivers/virtio/virtio.o
  AR      drivers/soc/imx/built-in.a
  AR      drivers/soc/ixp4xx/built-in.a
  CC      drivers/virtio/virtio_ring.o
  AR      drivers/soc/loongson/built-in.a
  CC      lib/rbtree.o
  AR      drivers/soc/mediatek/built-in.a
  CC      net/ethtool/strset.o
  CC      fs/sync.o
  AR      drivers/soc/microchip/built-in.a
  AR      drivers/soc/nuvoton/built-in.a
  AR      drivers/soc/pxa/built-in.a
  AR      drivers/soc/amlogic/built-in.a
  HOSTCC  arch/arm64/kernel/pi/relacheck
  AR      drivers/soc/qcom/built-in.a
  CC      kernel/nsproxy.o
  AR      drivers/soc/renesas/built-in.a
  AR      drivers/soc/rockchip/built-in.a
  AR      drivers/soc/sophgo/built-in.a
  CC      arch/arm64/kernel/pi/map_kernel.o
  AR      drivers/soc/sunxi/built-in.a
  AR      drivers/soc/ti/built-in.a
  AR      drivers/soc/versatile/built-in.a
  AR      drivers/soc/vt8500/built-in.a
  AR      drivers/soc/xilinx/built-in.a
  AR      drivers/soc/built-in.a
  CC      drivers/clk/clk-fixed-factor.o
  CC      arch/arm64/kernel/pi/map_range.o
  CC      lib/seq_buf.o
  CC      drivers/pci/msi/pcidev_msi.o
  CC      block/kyber-iosched.o
  CC      net/ipv4/ip_fragment.o
  CC      net/unix/sysctl_net_unix.o
  CC      mm/mlock.o
  CC      net/ethtool/linkinfo.o
  CC      drivers/clk/clk-fixed-rate.o
  CC      fs/utimes.o
  CC      fs/d_path.o
  CC      net/core/stream.o
  CC      arch/arm64/kernel/pi/lib-fdt.o
  CC      kernel/nstree.o
  CC      arch/arm64/kernel/pi/lib-fdt_ro.o
  CC      lib/siphash.o
  CC      drivers/pci/msi/api.o
  CC      drivers/pci/msi/msi.o
  CC      drivers/pci/msi/irqdomain.o
  CC      drivers/clk/clk-gate.o
  OBJCOPY arch/arm64/kernel/pi/idreg-override.pi.o
  OBJCOPY arch/arm64/kernel/pi/map_kernel.pi.o
  OBJCOPY arch/arm64/kernel/pi/map_range.pi.o
  OBJCOPY arch/arm64/kernel/pi/lib-fdt.pi.o
  OBJCOPY arch/arm64/kernel/pi/lib-fdt_ro.pi.o
  AR      arch/arm64/kernel/pi/built-in.a
  AR      block/built-in.a
  CC      arch/arm64/kernel/module.o
  CC      drivers/clk/clk-multiplier.o
  CC      lib/string.o
  CC      net/ethtool/linkmodes.o
  CC      drivers/virtio/virtio_anchor.o
  CC      net/ethtool/rss.o
  CC      fs/stack.o
  AR      net/unix/built-in.a
  CC      net/ipv4/ip_forward.o
  CC      fs/fs_struct.o
  CC      lib/sys_info.o
  CC      net/ethtool/linkstate.o
  CC      drivers/tty/tty_io.o
  CC      kernel/nscommon.o
  CC      net/core/scm.o
  CC      drivers/clk/clk-mux.o
  CC      mm/mmap.o
  CC      arch/arm64/kernel/module-plts.o
  CC      arch/arm64/kernel/pci.o
  AR      drivers/pci/msi/built-in.a
  CC      drivers/clk/clk-composite.o
  CC      drivers/pci/pcie/aspm.o
  CC      drivers/virtio/virtio_pci_modern_dev.o
  CC      fs/statfs.o
  CC      lib/timerqueue.o
  CC      kernel/notifier.o
  AS      arch/arm64/kernel/vdso-wrap.o
  CC      kernel/ksysfs.o
  AS      arch/arm64/kernel/head.o
  AR      arch/arm64/kernel/probes/built-in.a
  LDS     arch/arm64/kernel/vmlinux.lds
  CC      net/ipv4/ip_options.o
  CC      drivers/virtio/virtio_pci_legacy_dev.o
  CC      lib/vsprintf.o
  AR      arch/arm64/kernel/built-in.a
  CC      net/ipv4/ip_output.o
  AR      arch/arm64/built-in.a
  CC      drivers/clk/clk-fractional-divider.o
  CC      fs/fs_pin.o
  CC      drivers/virtio/virtio_mmio.o
  CC      net/ethtool/debug.o
  CC      drivers/clk/clk-gpio.o
  CC      lib/win_minmax.o
  CC      net/core/gen_stats.o
  CC      mm/mmu_gather.o
  CC      kernel/cred.o
  CC      net/ipv4/ip_sockglue.o
  CC      net/ipv4/inet_hashtables.o
  AR      drivers/pci/pcie/built-in.a
  AR      drivers/pci/pwrctrl/built-in.a
  CC      drivers/tty/n_tty.o
  CC      drivers/pci/proc.o
  CC      drivers/virtio/virtio_pci_modern.o
  CC      fs/nsfs.o
  CC      drivers/clk/clk-conf.o
  CC      drivers/virtio/virtio_pci_common.o
  CC      fs/fs_dirent.o
  CC      drivers/pci/pci-sysfs.o
  CC      net/ethtool/wol.o
  CC      net/ethtool/features.o
  CC      net/core/gen_estimator.o
  CC      mm/mprotect.o
  CC      kernel/reboot.o
  AR      drivers/clk/actions/built-in.a
  AR      drivers/clk/analogbits/built-in.a
  CC      fs/fs_context.o
  AR      drivers/clk/bcm/built-in.a
  AR      drivers/clk/imgtec/built-in.a
  AR      drivers/clk/imx/built-in.a
  AR      drivers/clk/ingenic/built-in.a
  AR      drivers/clk/keystone/built-in.a
  AR      drivers/clk/mediatek/built-in.a
  CC      fs/fs_parser.o
  AR      drivers/clk/microchip/built-in.a
  AR      drivers/clk/mstar/built-in.a
  AR      drivers/clk/mvebu/built-in.a
  AR      drivers/clk/ralink/built-in.a
  AR      drivers/clk/renesas/built-in.a
  AR      drivers/clk/socfpga/built-in.a
  AR      drivers/clk/sophgo/built-in.a
  CC      drivers/tty/tty_ioctl.o
  AR      drivers/clk/spacemit/built-in.a
  CC      drivers/virtio/virtio_pci_legacy.o
  AR      drivers/clk/sprd/built-in.a
  AR      drivers/clk/starfive/built-in.a
  AR      drivers/clk/sunxi-ng/built-in.a
  AR      drivers/clk/ti/built-in.a
  AR      drivers/clk/versatile/built-in.a
  AR      drivers/clk/xilinx/built-in.a
  AR      drivers/clk/built-in.a
  CC      kernel/async.o
  CC      net/ethtool/privflags.o
  CC      lib/xarray.o
  CC      net/ethtool/rings.o
  CC      drivers/tty/tty_ldisc.o
  CC      net/ipv4/inet_timewait_sock.o
  CC      drivers/pci/slot.o
  CC      net/core/net_namespace.o
  CC      mm/mremap.o
  CC      net/core/secure_seq.o
  CC      net/ipv6/af_inet6.o
  CC      net/ethtool/channels.o
  AR      drivers/virtio/built-in.a
  CC      net/ethtool/coalesce.o
  CC      kernel/range.o
  CC      fs/fsopen.o
  CC      drivers/pci/iomap.o
  CC      kernel/smpboot.o
  CC      kernel/ucount.o
  CC      kernel/regset.o
  CC      drivers/tty/tty_buffer.o
  CC      drivers/char/mem.o
  CC      drivers/pci/of.o
  CC      lib/lockref.o
  CC      fs/init.o
  CC      net/core/flow_dissector.o
  CC      fs/kernel_read_file.o
  CC      net/ipv4/inet_connection_sock.o
  CC      fs/mnt_idmapping.o
  CC      fs/remap_range.o
  CC      kernel/ksyms_common.o
  CC      lib/bcd.o
  CC      net/ethtool/pause.o
  CC      net/ethtool/eee.o
  CC      lib/sort.o
  CC      lib/parser.o
  CC      mm/msync.o
  CC      drivers/pci/quirks.o
  CC      mm/page_vma_mapped.o
  CC      drivers/tty/tty_port.o
  CC      net/ethtool/tsinfo.o
  CC      net/ipv6/anycast.o
  CC      drivers/char/random.o
  CC      lib/debug_locks.o
  CC      kernel/groups.o
  CC      fs/pidfs.o
  CC      net/core/sysctl_net_core.o
  CC      net/core/dev.o
  CC      net/core/dev_api.o
  CC      lib/random32.o
  CC      kernel/sched/core.o
  CC      net/ethtool/cabletest.o
  CC      mm/pagewalk.o
  CC      fs/file_attr.o
  CC      drivers/tty/tty_mutex.o
  CC      lib/bust_spinlocks.o
  AR      drivers/iommu/arm/arm-smmu/built-in.a
  AR      drivers/iommu/arm/arm-smmu-v3/built-in.a
  AR      drivers/iommu/arm/built-in.a
  AR      drivers/iommu/iommufd/built-in.a
  AR      drivers/iommu/built-in.a
  AR      drivers/gpu/host1x/built-in.a
  CC      net/ipv4/tcp.o
  CC      net/ethtool/tunnels.o
  CC      drivers/tty/tty_ldsem.o
  CC      net/ipv6/ip6_output.o
  AR      drivers/gpu/drm/tests/built-in.a
  AR      drivers/gpu/drm/arm/built-in.a
  AR      drivers/gpu/drm/clients/built-in.a
  AR      drivers/gpu/drm/display/built-in.a
  AR      drivers/gpu/drm/renesas/rcar-du/built-in.a
  CC      mm/pgtable-generic.o
  AR      drivers/gpu/drm/renesas/rz-du/built-in.a
  CC      net/ipv6/ip6_input.o
  AR      drivers/gpu/drm/renesas/built-in.a
  CC      drivers/pci/syscall.o
  AR      drivers/gpu/drm/omapdrm/built-in.a
  CC      lib/kasprintf.o
  AR      drivers/gpu/drm/tilcdc/built-in.a
  CC      drivers/tty/tty_baudrate.o
  AR      drivers/gpu/drm/imx/built-in.a
  AR      drivers/gpu/drm/panel/built-in.a
  CC      drivers/pci/ecam.o
  CC      drivers/char/misc.o
  AR      drivers/gpu/drm/bridge/analogix/built-in.a
  AR      drivers/gpu/drm/bridge/cadence/built-in.a
  AR      drivers/gpu/drm/bridge/imx/built-in.a
  AR      drivers/gpu/drm/bridge/synopsys/built-in.a
  CC      fs/buffer.o
  AR      drivers/gpu/drm/bridge/built-in.a
  AR      drivers/gpu/drm/hisilicon/built-in.a
  AR      drivers/gpu/drm/mxsfb/built-in.a
  AR      drivers/gpu/drm/sysfb/built-in.a
  AR      drivers/gpu/drm/tiny/built-in.a
  AR      drivers/gpu/drm/xlnx/built-in.a
  AR      drivers/gpu/drm/gud/built-in.a
  CC      lib/bitmap.o
  AR      drivers/gpu/drm/sitronix/built-in.a
  AR      drivers/gpu/drm/solomon/built-in.a
  AR      drivers/gpu/drm/built-in.a
  AR      drivers/gpu/vga/built-in.a
  AR      drivers/gpu/built-in.a
  CC      net/ipv4/tcp_input.o
  CC      drivers/base/component.o
  CC      drivers/char/hw_random/core.o
  CC      drivers/tty/tty_jobctrl.o
  CC      drivers/char/hw_random/virtio-rng.o
  CC      drivers/block/virtio_blk.o
  CC      mm/rmap.o
  CC      drivers/pci/vgaarb.o
  CC      net/ethtool/fec.o
  CC      lib/scatterlist.o
  CC      drivers/base/core.o
  CC      drivers/tty/n_null.o
  CC      lib/list_sort.o
  CC      drivers/pci/controller/pci-host-common.o
  CC      drivers/char/hw_random/arm_smccc_trng.o
  CC      kernel/sched/fair.o
  CC      drivers/pci/controller/pci-host-generic.o
  CC      drivers/tty/pty.o
  CC      lib/uuid.o
  CC      net/ethtool/eeprom.o
  AR      drivers/char/hw_random/built-in.a
  CC      kernel/locking/mutex.o
  AR      drivers/char/agp/built-in.a
  AR      drivers/char/built-in.a
  CC      net/core/dev_addr_lists.o
  CC      net/ipv6/addrconf.o
  AR      drivers/block/built-in.a
  CC      net/core/dst.o
  AR      drivers/pci/controller/dwc/built-in.a
  AR      drivers/pci/controller/mobiveil/built-in.a
  AR      drivers/pci/controller/plda/built-in.a
  AR      drivers/pci/controller/built-in.a
  AR      drivers/pci/switch/built-in.a
  AR      drivers/pci/built-in.a
  CC      lib/iov_iter.o
  CC      drivers/base/bus.o
  CC      mm/vmalloc.o
  CC      fs/mpage.o
  CC      lib/clz_ctz.o
  CC      drivers/base/dd.o
  CC      drivers/tty/vt/vt_ioctl.o
  CC      net/ethtool/stats.o
  CC      kernel/locking/semaphore.o
  CC      fs/proc_namespace.o
  CC      net/ethtool/phc_vclocks.o
  CC      net/ipv6/addrlabel.o
  CC      kernel/locking/rwsem.o
  CC      drivers/tty/serial/serial_core.o
  CC      drivers/base/syscore.o
  CC      net/core/netevent.o
  CC      lib/bsearch.o
  CC      fs/direct-io.o
  CC      drivers/base/driver.o
  CC      fs/notify/fsnotify.o
  CC      lib/find_bit.o
  CC      drivers/tty/vt/vc_screen.o
  CC      lib/llist.o
  CC      kernel/locking/percpu-rwsem.o
  CC      net/ethtool/mm.o
  CC      drivers/tty/vt/selection.o
  CC      lib/lwq.o
  CC      fs/notify/notification.o
  CC      kernel/power/qos.o
  CC      net/ipv4/tcp_output.o
  CC      kernel/sched/build_policy.o
  CC      lib/memweight.o
  CC      drivers/base/class.o
  CC      lib/kfifo.o
  CC      drivers/tty/vt/keyboard.o
  CC      fs/eventpoll.o
  CC      net/core/neighbour.o
  CC      kernel/power/energy_model.o
  CC      kernel/locking/spinlock.o
  CC      fs/notify/group.o
  CC      net/core/rtnetlink.o
  CC      fs/notify/mark.o
  CC      drivers/tty/serial/serial_base_bus.o
  CC      mm/vma.o
  CC      kernel/locking/osq_lock.o
  CC      net/ethtool/module.o
  CC      drivers/base/platform.o
  CC      lib/percpu-refcount.o
  CC      kernel/locking/qspinlock.o
  CC      kernel/locking/rtmutex_api.o
  CC      net/ipv6/route.o
  CC      drivers/tty/serial/serial_ctrl.o
  CC      drivers/tty/vt/vt.o
  CC      kernel/power/em_netlink_autogen.o
  CC      fs/notify/fdinfo.o
  CC      drivers/tty/serial/serial_port.o
  CC      lib/rhashtable.o
  CC      drivers/base/cpu.o
  CC      net/ethtool/cmis_fw_update.o
  CC      kernel/power/em_netlink.o
  COPY    drivers/tty/vt/defkeymap.c
  CC      net/ipv6/ip6_fib.o
  AR      fs/notify/dnotify/built-in.a
  CC      fs/notify/inotify/inotify_fsnotify.o
  CC      fs/notify/inotify/inotify_user.o
  CC      kernel/locking/qrwlock.o
  CC      mm/vma_exec.o
  CC      drivers/tty/serial/earlycon.o
  CC      drivers/base/firmware.o
  CC      fs/anon_inodes.o
  CC      net/ethtool/cmis_cdb.o
  CC      lib/base64.o
  AR      kernel/power/built-in.a
  CC      net/ethtool/pse-pd.o
  AR      kernel/locking/built-in.a
  CC      net/ipv4/tcp_timer.o
  CC      net/core/utils.o
  AR      drivers/tty/serial/8250/built-in.a
  CC      drivers/tty/serial/amba-pl011.o
  CC      lib/once.o
  CC      drivers/base/init.o
  CC      kernel/sched/build_utility.o
  AR      drivers/tty/ipwireless/built-in.a
  CC      lib/refcount.o
  AR      fs/notify/inotify/built-in.a
  AR      fs/notify/fanotify/built-in.a
  AR      fs/notify/built-in.a
  CC      net/ipv4/tcp_ipv4.o
  CC      mm/mseal.o
  AR      drivers/misc/eeprom/built-in.a
  AR      drivers/misc/cb710/built-in.a
  CC      fs/signalfd.o
  AR      drivers/misc/lis3lv02d/built-in.a
  AR      drivers/misc/cardreader/built-in.a
  AR      drivers/misc/keba/built-in.a
  AR      drivers/misc/amd-sbi/built-in.a
  AR      drivers/misc/built-in.a
  CC      lib/rcuref.o
  CC      net/ethtool/plca.o
  CC      drivers/tty/vt/consolemap.o
  CC      lib/usercopy.o
  CC      drivers/base/map.o
  CC      net/ipv4/tcp_minisocks.o
  CC      kernel/printk/printk.o
  CC      kernel/printk/printk_safe.o
  CC      net/core/link_watch.o
  CC      lib/errseq.o
  CC      mm/page_alloc.o
  CC      lib/bucket_locks.o
  CC      lib/generic-radix-tree.o
  AR      drivers/tty/serial/built-in.a
  CC      lib/bitmap-str.o
  CC      fs/timerfd.o
  CC      kernel/irq/irqdesc.o
  CC      drivers/base/devres.o
  CC      kernel/irq/handle.o
  CC      kernel/irq/manage.o
  CC      net/ethtool/phy.o
  CC      kernel/printk/nbcon.o
  CC      lib/string_helpers.o
  HOSTCC  drivers/tty/vt/conmakehash
  CC      net/ipv6/ipv6_sockglue.o
  COPY    drivers/tty/vt/ucs_width_table.h
  COPY    drivers/tty/vt/ucs_recompose_table.h
  COPY    drivers/tty/vt/ucs_fallback_table.h
  CC      drivers/tty/vt/defkeymap.o
  CC      net/core/filter.o
  CC      fs/eventfd.o
  CONMK   drivers/tty/vt/consolemap_deftbl.c
  CC      drivers/tty/vt/ucs.o
  CC      lib/hexdump.o
  CC      drivers/tty/vt/consolemap_deftbl.o
  CC      fs/locks.o
  AR      drivers/tty/vt/built-in.a
  CC      drivers/base/attribute_container.o
  AR      drivers/tty/built-in.a
  CC      drivers/base/transport_class.o
  CC      net/ethtool/tsconfig.o
  CC      drivers/base/topology.o
  CC      drivers/base/container.o
  CC      net/ipv4/tcp_cong.o
  CC      lib/kstrtox.o
  CC      fs/binfmt_misc.o
  CC      kernel/printk/printk_ringbuffer.o
  CC      kernel/irq/spurious.o
  CC      drivers/mfd/syscon.o
  CC      kernel/irq/resend.o
  CC      fs/binfmt_script.o
  CC      drivers/base/property.o
  AR      lib/kunit/built-in.a
  CC      lib/math/div64.o
  CC      net/ethtool/mse.o
  CC      kernel/irq/chip.o
  CC      lib/math/gcd.o
  AR      kernel/sched/built-in.a
  CC      kernel/irq/dummychip.o
  CC      kernel/printk/sysctl.o
  CC      lib/math/lcm.o
  CC      lib/math/int_log.o
  CC      lib/math/int_pow.o
  CC      lib/math/int_sqrt.o
  CC      kernel/irq/devres.o
  CC      net/ipv6/ndisc.o
  CC      net/ipv4/tcp_metrics.o
  CC      fs/binfmt_elf.o
  AR      drivers/mfd/built-in.a
  CC      lib/math/reciprocal_div.o
  CC      mm/page_frag_cache.o
  CC      mm/init-mm.o
  AR      kernel/printk/built-in.a
  CC      mm/memblock.o
  CC      mm/slub.o
  CC      lib/math/rational.o
  CC      mm/page_io.o
  AR      net/ethtool/built-in.a
  CC      net/ipv4/tcp_fastopen.o
  CC      kernel/irq/kexec.o
  CC      net/packet/af_packet.o
  AR      net/dsa/built-in.a
  CC      mm/swap_state.o
  CC      net/ipv4/tcp_rate.o
  CC      net/ipv4/tcp_recovery.o
  CC      drivers/base/cacheinfo.o
  CC      drivers/base/swnode.o
  CC      drivers/base/faux.o
  AR      lib/math/tests/built-in.a
  AR      lib/math/built-in.a
  CC      kernel/irq/autoprobe.o
  CC      lib/crc/crc16.o
  CC      drivers/base/devtmpfs.o
  CC      drivers/base/power/clock_ops.o
  CC      net/ipv4/tcp_ulp.o
  HOSTCC  lib/crc/gen_crc32table
  CC      fs/mbcache.o
  CC      kernel/irq/irqdomain.o
  AR      drivers/nfc/built-in.a
  CC      fs/posix_acl.o
  AR      lib/crc/tests/built-in.a
  GEN     lib/crc/crc32table.h
  CC      mm/swapfile.o
  CC      lib/crc/crc32-main.o
  AR      drivers/dax/hmem/built-in.a
  AR      drivers/dax/built-in.a
  CC      lib/crypto/memneq.o
  CC      lib/crypto/utils.o
  AR      lib/tests/built-in.a
  CC      net/ipv4/tcp_offload.o
  AR      drivers/cxl/core/built-in.a
  AR      drivers/cxl/built-in.a
  CC      mm/dmapool.o
  AR      drivers/base/power/built-in.a
  AR      net/wireless/tests/built-in.a
  AR      net/wireless/built-in.a
  CC      net/sysctl_net.o
  CC      drivers/base/firmware_loader/builtin/main.o
  AR      lib/crc/built-in.a
  CC      drivers/base/module.o
  CC      kernel/rcu/update.o
  CC      net/ipv6/udp.o
  AR      drivers/base/firmware_loader/builtin/built-in.a
  AR      drivers/base/firmware_loader/built-in.a
  CC      lib/crypto/blake2s.o
  CC      net/ipv6/udplite.o
  CC      lib/vdso/datastore.o
  CC      drivers/base/regmap/regmap.o
  CC      fs/drop_caches.o
  CC      mm/sparse.o
  CC      drivers/base/regmap/regcache.o
  CC      kernel/irq/proc.o
  CC      kernel/rcu/sync.o
  AR      lib/vdso/built-in.a
  CC      kernel/rcu/srcutree.o
  AR      kernel/livepatch/built-in.a
  CC      fs/sysctls.o
  CC      lib/crypto/chacha-block-generic.o
  CC      net/ipv4/tcp_plb.o
  CC      fs/fhandle.o
  CC      kernel/irq/msi.o
  CC      lib/crypto/sha1.o
  CC      net/ipv6/raw.o
  AS      lib/crypto/arm64/sha1-ce-core.o
  CC      drivers/base/regmap/regcache-rbtree.o
  CC      drivers/base/platform-msi.o
  CC      fs/iomap/trace.o
  CC      kernel/irq/ipi.o
  AR      net/packet/built-in.a
  CC      net/ipv6/icmp.o
  AR      fs/quota/built-in.a
  CC      lib/crypto/sha256.o
  PERLASM lib/crypto/arm64/sha256-core.S
  CC      fs/iomap/iter.o
  CC      mm/sparse-vmemmap.o
  CC      fs/iomap/buffered-io.o
  AR      drivers/macintosh/built-in.a
  AS      lib/crypto/arm64/sha256-ce.o
  CC      fs/proc/task_mmu.o
  CC      net/ipv6/mcast.o
  CC      mm/kasan/common.o
  CC      drivers/base/regmap/regcache-flat.o
  CC      drivers/base/regmap/regcache-maple.o
  CC      net/ipv4/datagram.o
  CC      kernel/irq/affinity.o
  CC      kernel/rcu/tree.o
  CC      kernel/rcu/rcu_segcblist.o
  CC      net/ipv4/raw.o
  AS      lib/crypto/arm64/sha256-core.o
  AR      lib/crypto/built-in.a
  CC      lib/iomap_copy.o
  CC      fs/iomap/direct-io.o
  CC      fs/kernfs/mount.o
  CC      fs/kernfs/inode.o
  CC      mm/kasan/report.o
  AR      kernel/irq/built-in.a
  CC      drivers/base/regmap/regmap-mmio.o
  CC      fs/kernfs/dir.o
  CC      mm/kasan/init.o
  CC      lib/devres.o
  CC      net/core/sock_diag.o
  CC      net/core/dev_ioctl.o
  AR      kernel/liveupdate/built-in.a
  CC      net/ipv6/reassembly.o
  CC      net/ipv4/udp.o
  CC      net/core/tso.o
  CC      lib/cache_maint.o
  CC      mm/early_ioremap.o
  CC      fs/proc/inode.o
  CC      mm/memfd.o
  AR      drivers/base/regmap/built-in.a
  CC      fs/iomap/ioend.o
  CC      drivers/base/arch_topology.o
  AR      drivers/base/test/built-in.a
  CC      mm/kasan/generic.o
  CC      mm/kasan/report_generic.o
  CC      fs/proc/root.o
  CC      fs/kernfs/file.o
  CC      lib/hweight.o
  CC      lib/bitrev.o
  CC      fs/iomap/fiemap.o
  CC      lib/xxhash.o
  CC      net/ipv6/tcp_ipv6.o
  AR      drivers/scsi/built-in.a
  AR      drivers/nvme/common/built-in.a
  AR      drivers/nvme/host/built-in.a
  CC      fs/proc/base.o
  AR      drivers/nvme/target/built-in.a
  AR      drivers/nvme/built-in.a
  CC      mm/ioremap.o
  CC      fs/kernfs/symlink.o
  CC      net/core/sock_reuseport.o
  CC      net/core/fib_notifier.o
  CC      lib/genalloc.o
  AR      drivers/base/built-in.a
  CC      lib/zlib_inflate/inffast.o
  CC      drivers/net/loopback.o
  CC      mm/kasan/shadow.o
  CC      net/core/xdp.o
  CC      kernel/dma/mapping.o
  CC      fs/iomap/seek.o
  CC      lib/zlib_inflate/inflate.o
  CC      kernel/entry/common.o
  CC      net/ipv4/udplite.o
  AR      kernel/rcu/built-in.a
  CC      net/ipv4/udp_offload.o
  AR      fs/kernfs/built-in.a
  AR      kernel/unwind/built-in.a
  CC      lib/lzo/lzo1x_decompress_safe.o
  CC      fs/sysfs/file.o
  CC      kernel/module/main.o
  CC      lib/zlib_inflate/infutil.o
  CC      mm/kasan/quarantine.o
  CC      fs/iomap/bio.o
  AR      drivers/net/phy/mediatek/built-in.a
  AR      drivers/net/phy/qcom/built-in.a
  AR      drivers/net/phy/built-in.a
  AR      drivers/net/pse-pd/built-in.a
  AR      drivers/net/mdio/built-in.a
  CC      net/ipv6/ping.o
  CC      kernel/dma/direct.o
  AR      kernel/entry/built-in.a
  AR      drivers/net/pcs/built-in.a
  CC      mm/execmem.o
  CC      drivers/net/virtio_net.o
  AR      lib/lzo/built-in.a
  AR      drivers/net/ethernet/3com/built-in.a
  AR      drivers/net/ethernet/8390/built-in.a
  AR      drivers/net/ethernet/adaptec/built-in.a
  CC      lib/lz4/lz4_decompress.o
  AR      drivers/net/ethernet/agere/built-in.a
  AR      drivers/net/ethernet/alacritech/built-in.a
  CC      lib/zlib_inflate/inftrees.o
  AR      drivers/net/ethernet/alteon/built-in.a
  AR      drivers/net/ethernet/amazon/built-in.a
  AR      drivers/net/ethernet/amd/built-in.a
  CC      net/core/flow_offload.o
  CC      fs/proc/generic.o
  AR      drivers/net/ethernet/aquantia/built-in.a
  AR      drivers/net/ethernet/arc/built-in.a
  AR      drivers/net/ethernet/asix/built-in.a
  CC      fs/sysfs/dir.o
  AR      drivers/net/ethernet/atheros/built-in.a
  AR      drivers/net/ethernet/cadence/built-in.a
  AR      drivers/net/ethernet/broadcom/built-in.a
  CC      lib/zlib_inflate/inflate_syms.o
  AR      drivers/net/ethernet/brocade/built-in.a
  AR      mm/kasan/built-in.a
  CC      fs/proc/array.o
  AR      drivers/net/ethernet/cavium/common/built-in.a
  AR      drivers/net/ethernet/cavium/thunder/built-in.a
  AR      drivers/net/ethernet/cavium/liquidio/built-in.a
  AR      drivers/net/ethernet/cavium/octeon/built-in.a
  AR      drivers/net/ethernet/cavium/built-in.a
  AR      mm/built-in.a
  CC      net/core/gro.o
  AR      drivers/net/ethernet/chelsio/built-in.a
  CC      kernel/module/strict_rwx.o
  AR      drivers/net/ethernet/cisco/built-in.a
  AR      drivers/net/ethernet/cortina/built-in.a
  AR      drivers/net/ethernet/dec/built-in.a
  AR      drivers/net/ethernet/dlink/built-in.a
  AR      drivers/net/ethernet/emulex/built-in.a
  CC      fs/iomap/swapfile.o
  AR      drivers/net/ethernet/engleder/built-in.a
  AR      drivers/net/ethernet/ezchip/built-in.a
  CC      kernel/module/kmod.o
  AR      drivers/net/ethernet/fungible/built-in.a
  AR      drivers/net/ethernet/google/built-in.a
  CC      net/ipv4/arp.o
  AR      drivers/net/ethernet/hisilicon/built-in.a
  AR      drivers/net/ethernet/huawei/built-in.a
  AR      drivers/net/ethernet/intel/libie/built-in.a
  AR      drivers/net/ethernet/intel/built-in.a
  AR      drivers/net/ethernet/i825xx/built-in.a
  AR      drivers/net/ethernet/microsoft/built-in.a
  AR      drivers/net/ethernet/litex/built-in.a
  AR      lib/zlib_inflate/built-in.a
  AR      drivers/net/ethernet/marvell/octeon_ep/built-in.a
  AR      drivers/net/ethernet/marvell/octeon_ep_vf/built-in.a
  CC      kernel/dma/coherent.o
  AR      drivers/net/ethernet/mellanox/built-in.a
  CC      fs/sysfs/symlink.o
  AR      drivers/net/ethernet/marvell/octeontx2/built-in.a
  CC      lib/zstd/zstd_decompress_module.o
  AR      drivers/net/ethernet/marvell/prestera/built-in.a
  AR      drivers/net/ethernet/marvell/built-in.a
  AR      drivers/net/ethernet/meta/built-in.a
  AR      drivers/net/ethernet/micrel/built-in.a
  CC      net/ipv6/exthdrs.o
  AR      drivers/net/ethernet/microchip/built-in.a
  CC      fs/sysfs/mount.o
  CC      kernel/module/kallsyms.o
  AR      drivers/net/ethernet/mscc/built-in.a
  AR      drivers/net/ethernet/mucse/built-in.a
  AR      drivers/net/ethernet/myricom/built-in.a
  AR      drivers/net/ethernet/natsemi/built-in.a
  AR      drivers/net/ethernet/neterion/built-in.a
  AR      drivers/net/ethernet/netronome/built-in.a
  AR      drivers/net/ethernet/ni/built-in.a
  AR      drivers/net/ethernet/nvidia/built-in.a
  AR      drivers/net/ethernet/oki-semi/built-in.a
  AR      drivers/net/ethernet/packetengines/built-in.a
  AR      drivers/net/ethernet/qlogic/built-in.a
  AR      drivers/net/ethernet/qualcomm/emac/built-in.a
  AR      drivers/net/ethernet/qualcomm/built-in.a
  AR      fs/iomap/built-in.a
  AR      drivers/net/ethernet/realtek/built-in.a
  AR      drivers/net/ethernet/renesas/built-in.a
  CC      fs/devpts/inode.o
  AR      drivers/net/ethernet/rdc/built-in.a
  AR      drivers/net/ethernet/rocker/built-in.a
  AR      drivers/net/ethernet/samsung/built-in.a
  CC      net/ipv6/datagram.o
  AR      drivers/net/ethernet/seeq/built-in.a
  AR      drivers/net/ethernet/silan/built-in.a
  AR      drivers/net/ethernet/sis/built-in.a
  CC      net/ipv6/ip6_flowlabel.o
  CC      kernel/module/procfs.o
  AR      drivers/net/ethernet/sfc/built-in.a
  AR      drivers/net/ethernet/smsc/built-in.a
  AR      drivers/net/ethernet/socionext/built-in.a
  CC      lib/xz/xz_dec_syms.o
  CC      lib/zstd/decompress/huf_decompress.o
  AR      drivers/net/ethernet/stmicro/built-in.a
  AR      drivers/net/ethernet/sun/built-in.a
  AR      drivers/net/ethernet/tehuti/built-in.a
  AR      drivers/net/ethernet/ti/built-in.a
  AR      drivers/net/ethernet/vertexcom/built-in.a
  AR      drivers/net/ethernet/via/built-in.a
  CC      fs/proc/fd.o
  AR      lib/lz4/built-in.a
  AR      drivers/net/ethernet/wangxun/built-in.a
  CC      kernel/dma/swiotlb.o
  AR      drivers/net/ethernet/wiznet/built-in.a
  CC      lib/percpu_counter.o
  AR      drivers/net/ethernet/xilinx/built-in.a
  AR      drivers/net/ethernet/synopsys/built-in.a
  AR      drivers/net/ethernet/pensando/built-in.a
  CC      lib/zstd/decompress/zstd_ddict.o
  AR      drivers/net/ethernet/built-in.a
  CC      net/ipv4/icmp.o
  CC      net/core/netdev-genl.o
  CC      fs/sysfs/group.o
  CC      lib/xz/xz_dec_stream.o
  CC      kernel/module/sysfs.o
  AR      fs/devpts/built-in.a
  CC      kernel/stacktrace.o
  CC      net/ipv4/devinet.o
  CC      net/core/netdev-genl-gen.o
  CC      lib/xz/xz_dec_lzma2.o
  CC      kernel/time/time.o
  AR      fs/sysfs/built-in.a
  AR      drivers/net/wireless/admtek/built-in.a
  AR      drivers/net/wireless/ath/built-in.a
  AR      drivers/net/wireless/atmel/built-in.a
  AR      drivers/net/wireless/broadcom/built-in.a
  AR      kernel/module/built-in.a
  AR      drivers/net/wireless/intel/built-in.a
  CC      drivers/net/net_failover.o
  CC      fs/proc/proc_tty.o
  AR      drivers/net/wireless/intersil/built-in.a
  AR      drivers/net/wireless/marvell/built-in.a
  AR      drivers/net/wireless/mediatek/built-in.a
  AR      drivers/net/wireless/microchip/built-in.a
  AR      drivers/net/wireless/purelifi/built-in.a
  AR      drivers/net/wireless/quantenna/built-in.a
  CC      kernel/futex/core.o
  AR      drivers/net/wireless/ralink/built-in.a
  AR      drivers/net/wireless/realtek/built-in.a
  AR      drivers/net/wireless/rsi/built-in.a
  AR      drivers/net/wireless/silabs/built-in.a
  AR      drivers/net/wireless/st/built-in.a
  AR      drivers/net/wireless/ti/built-in.a
  CC      kernel/futex/syscalls.o
  AR      drivers/net/wireless/zydas/built-in.a
  AR      drivers/net/wireless/virtual/built-in.a
  CC      kernel/dma/pool.o
  AR      drivers/net/wireless/built-in.a
  CC      net/ipv6/inet6_connection_sock.o
  CC      kernel/futex/pi.o
  CC      kernel/time/timer.o
  CC      fs/proc/cmdline.o
  CC      net/core/gso.o
  CC      kernel/dma/remap.o
  CC      lib/xz/xz_dec_bcj.o
  CC      lib/zstd/decompress/zstd_decompress.o
  CC      lib/zstd/decompress/zstd_decompress_block.o
  CC      lib/syscall.o
  CC      kernel/futex/requeue.o
  CC      kernel/futex/waitwake.o
  CC      net/ipv4/af_inet.o
  AR      kernel/dma/built-in.a
  CC      kernel/time/hrtimer.o
  CC      fs/proc/consoles.o
  CC      fs/proc/cpuinfo.o
  CC      net/ipv6/udp_offload.o
  CC      kernel/time/sleep_timeout.o
  AR      drivers/net/built-in.a
  AR      drivers/firewire/built-in.a
  AR      lib/xz/built-in.a
  CC      kernel/time/timekeeping.o
  AR      drivers/cdrom/built-in.a
  AR      drivers/auxdisplay/built-in.a
  AR      drivers/usb/built-in.a
  CC      kernel/smp.o
  CC      drivers/input/serio/serio.o
  CC      drivers/input/serio/serport.o
  CC      kernel/kallsyms.o
  CC      net/core/net-sysfs.o
  CC      kernel/cgroup/cgroup.o
  CC      net/ipv4/igmp.o
  AR      kernel/futex/built-in.a
  CC      kernel/cgroup/rstat.o
  CC      kernel/cgroup/namespace.o
  CC      net/core/hotdata.o
  CC      fs/proc/devices.o
  CC      net/ipv4/fib_frontend.o
  CC      net/ipv6/seg6.o
  CC      kernel/utsname.o
  CC      drivers/input/serio/libps2.o
  CC      net/core/netdev_rx_queue.o
  CC      fs/proc/interrupts.o
  CC      kernel/time/ntp.o
  CC      kernel/time/clocksource.o
  CC      kernel/time/jiffies.o
  CC      fs/proc/loadavg.o
  AR      drivers/input/serio/built-in.a
  CC      drivers/input/input.o
  CC      net/ipv4/fib_semantics.o
  CC      lib/zstd/zstd_common_module.o
  CC      net/ipv6/fib6_notifier.o
  CC      net/ipv4/fib_trie.o
  CC      fs/proc/meminfo.o
  CC      net/ipv6/rpl.o
  CC      lib/zstd/common/debug.o
  CC      lib/zstd/common/entropy_common.o
  CC      lib/zstd/common/error_private.o
  CC      net/ipv6/ioam6.o
  CC      lib/nlattr.o
  CC      kernel/cgroup/cgroup-v1.o
  CC      lib/checksum.o
  CC      net/ipv4/fib_notifier.o
  CC      lib/zstd/common/fse_decompress.o
  CC      kernel/time/timer_list.o
  CC      lib/cpu_rmap.o
  CC      fs/proc/stat.o
  CC      net/core/netdev_queues.o
  CC      fs/proc/uptime.o
  CC      fs/proc/util.o
  CC      kernel/time/timeconv.o
  CC      lib/zstd/common/zstd_common.o
  AR      lib/zstd/built-in.a
  CC      net/ipv4/inet_fragment.o
  CC      lib/dynamic_queue_limits.o
  CC      net/ipv4/ping.o
  CC      kernel/user_namespace.o
  CC      net/ipv4/ip_tunnel_core.o
  CC      net/ipv6/sysctl_net_ipv6.o
  CC      fs/proc/version.o
  CC      kernel/time/timecounter.o
  CC      lib/dim/dim.o
  CC      kernel/time/alarmtimer.o
  CC      net/core/net-procfs.o
  CC      lib/dim/net_dim.o
  CC      lib/strncpy_from_user.o
  CC      drivers/input/input-compat.o
  CC      kernel/cgroup/freezer.o
  CC      fs/proc/softirqs.o
  CC      lib/dim/rdma_dim.o
  CC      fs/proc/namespaces.o
  CC      fs/ext4/balloc.o
  CC      fs/ext4/bitmap.o
  CC      net/ipv6/proc.o
  CC      kernel/time/posix-timers.o
  CC      drivers/input/input-mt.o
  CC      fs/ext4/block_validity.o
  CC      kernel/pid_namespace.o
  AR      lib/dim/built-in.a
  CC      fs/proc/self.o
  CC      lib/strnlen_user.o
  CC      kernel/stop_machine.o
  AR      kernel/cgroup/built-in.a
  CC      net/ipv4/gre_offload.o
  CC      fs/ext4/dir.o
  CC      fs/ext4/ext4_jbd2.o
  CC      net/core/ptp_classifier.o
  CC      kernel/seccomp.o
  CC      kernel/utsname_sysctl.o
  CC      fs/proc/thread_self.o
  CC      drivers/input/input-poller.o
  CC      lib/net_utils.o
  CC      lib/sg_pool.o
  CC      kernel/irq_work.o
  CC      fs/proc/proc_sysctl.o
  CC      kernel/bpf/core.o
  CC      net/core/dst_cache.o
  CC      lib/stackdepot.o
  CC      net/ipv6/sit.o
  CC      net/ipv4/metrics.o
  CC      kernel/time/posix-cpu-timers.o
  CC      fs/jbd2/transaction.o
  CC      net/ipv6/addrconf_core.o
  CC      fs/ext4/extents.o
  CC      net/ipv6/exthdrs_core.o
  CC      drivers/input/ff-core.o
  CC      drivers/input/touchscreen.o
  CC      kernel/time/posix-clock.o
  CC      net/ipv6/ip6_checksum.o
  CC      net/core/gro_cells.o
  CC      lib/sbitmap.o
  CC      net/ipv6/ip6_icmp.o
  CC      fs/proc/proc_net.o
  CC      net/ipv4/netlink.o
  CC      drivers/input/touch-overlay.o
  CC      net/ipv6/output_core.o
  CC      drivers/input/vivaldi-fmap.o
  CC      fs/proc/kmsg.o
  CC      kernel/time/itimer.o
  CC      kernel/time/clockevents.o
  CC      fs/proc/page.o
  CC      kernel/time/tick-common.o
  CC      net/core/failover.o
  CC      kernel/time/tick-broadcast.o
  CC      fs/jbd2/commit.o
  CC      drivers/input/keyboard/atkbd.o
  CC      kernel/time/sched_clock.o
  CC      net/ipv6/protocol.o
  CC      lib/group_cpus.o
  CC      fs/jbd2/recovery.o
  CC      net/ipv4/nexthop.o
  CC      net/ipv4/udp_tunnel_stub.o
  AR      kernel/bpf/built-in.a
  CC      fs/jbd2/checkpoint.o
  AR      drivers/i2c/algos/built-in.a
  AR      drivers/i2c/busses/built-in.a
  AR      drivers/i2c/muxes/built-in.a
  AR      drivers/i2c/built-in.a
  CC      kernel/time/vsyscall.o
  CC      net/ipv6/ip6_offload.o
  CC      kernel/time/namespace.o
  AR      fs/proc/built-in.a
  CC      fs/ramfs/inode.o
  CC      lib/devmem_is_allowed.o
  CC      fs/ramfs/file-mmu.o
  CC      fs/fat/cache.o
  CC      net/core/of_net.o
  AR      lib/lib.a
  CC      kernel/jump_label.o
  AR      drivers/i3c/built-in.a
  CC      fs/fat/dir.o
  CC      fs/ext4/extents_status.o
  AR      drivers/input/keyboard/built-in.a
  CC      kernel/context_tracking.o
  CC      drivers/input/mouse/psmouse-base.o
  CC      fs/isofs/namei.o
  CC      fs/jbd2/revoke.o
  AR      lib/built-in.a
  CC      fs/isofs/inode.o
  AR      drivers/media/i2c/built-in.a
  AR      kernel/time/built-in.a
  AR      drivers/media/tuners/built-in.a
  CC      fs/ext4/file.o
  AR      drivers/media/rc/keymaps/built-in.a
  AR      drivers/media/rc/built-in.a
  AR      drivers/media/common/b2c2/built-in.a
  AR      drivers/media/common/saa7146/built-in.a
  AR      drivers/media/common/siano/built-in.a
  AR      drivers/media/common/v4l2-tpg/built-in.a
  AR      drivers/media/common/videobuf2/built-in.a
  AR      drivers/media/common/built-in.a
  AR      drivers/media/platform/allegro-dvt/built-in.a
  AR      fs/ramfs/built-in.a
  AR      drivers/media/platform/amlogic/c3/isp/built-in.a
  AR      drivers/media/platform/amlogic/c3/mipi-adapter/built-in.a
  AR      drivers/media/platform/amlogic/c3/mipi-csi2/built-in.a
  AR      drivers/media/platform/amlogic/c3/built-in.a
  AR      drivers/media/platform/amlogic/meson-ge2d/built-in.a
  AR      drivers/media/platform/amlogic/built-in.a
  AR      drivers/media/platform/amphion/built-in.a
  AR      drivers/media/platform/arm/mali-c55/built-in.a
  AR      drivers/media/pci/ttpci/built-in.a
  AR      drivers/media/platform/arm/built-in.a
  AR      drivers/media/pci/b2c2/built-in.a
  CC      net/ipv6/tcpv6_offload.o
  AR      drivers/media/pci/pluto2/built-in.a
  AR      drivers/media/pci/pt1/built-in.a
  AR      drivers/media/platform/aspeed/built-in.a
  AR      drivers/media/pci/dm1105/built-in.a
  AR      drivers/media/pci/pt3/built-in.a
  AR      drivers/media/pci/mantis/built-in.a
  CC      fs/ext4/fsmap.o
  AR      drivers/media/platform/atmel/built-in.a
  AR      drivers/media/pci/ngene/built-in.a
  AR      drivers/media/platform/broadcom/built-in.a
  AR      drivers/media/pci/ddbridge/built-in.a
  AR      drivers/media/platform/cadence/built-in.a
  AR      drivers/media/pci/saa7146/built-in.a
  AR      drivers/media/platform/chips-media/coda/built-in.a
  AR      drivers/media/pci/smipcie/built-in.a
  AR      drivers/media/platform/chips-media/wave5/built-in.a
  AR      drivers/media/pci/netup_unidvb/built-in.a
  AR      drivers/media/platform/chips-media/built-in.a
  CC      drivers/input/mouse/synaptics.o
  AR      drivers/media/pci/intel/ipu3/built-in.a
  CC      drivers/input/mouse/focaltech.o
  AR      drivers/media/platform/imagination/built-in.a
  AR      drivers/media/pci/intel/ivsc/built-in.a
  AR      drivers/media/platform/intel/built-in.a
  AR      drivers/media/pci/intel/built-in.a
  AR      drivers/media/pci/built-in.a
  AR      drivers/media/platform/marvell/built-in.a
  CC      net/ipv4/ip_tunnel.o
  CC      net/ipv4/sysctl_net_ipv4.o
  CC      kernel/iomem.o
  AR      drivers/media/platform/mediatek/jpeg/built-in.a
  AR      net/core/built-in.a
  CC      fs/fat/fatent.o
  AR      drivers/media/platform/mediatek/mdp/built-in.a
  AR      drivers/media/platform/mediatek/vcodec/common/built-in.a
  AR      drivers/media/platform/mediatek/vcodec/encoder/built-in.a
  AR      drivers/media/platform/mediatek/vcodec/decoder/built-in.a
  AR      drivers/media/platform/mediatek/vcodec/built-in.a
  AR      drivers/media/platform/mediatek/vpu/built-in.a
  AR      drivers/media/platform/mediatek/mdp3/built-in.a
  AR      drivers/media/platform/mediatek/built-in.a
  AR      drivers/media/platform/microchip/built-in.a
  CC      fs/jbd2/journal.o
  AR      drivers/media/platform/nuvoton/built-in.a
  AR      drivers/media/platform/nvidia/tegra-vde/built-in.a
  AR      drivers/media/platform/nvidia/built-in.a
  AR      drivers/media/platform/nxp/dw100/built-in.a
  AR      drivers/media/platform/nxp/imx-jpeg/built-in.a
  AR      drivers/media/platform/nxp/imx8-isi/built-in.a
  AR      drivers/media/platform/nxp/built-in.a
  AR      drivers/media/platform/qcom/camss/built-in.a
  AR      drivers/media/platform/qcom/iris/built-in.a
  AR      drivers/media/platform/qcom/venus/built-in.a
  AR      drivers/media/platform/qcom/built-in.a
  AR      drivers/media/platform/raspberrypi/pisp_be/built-in.a
  CC      fs/isofs/dir.o
  CC      fs/fat/file.o
  AR      drivers/media/platform/raspberrypi/rp1-cfe/built-in.a
  AR      drivers/media/platform/raspberrypi/built-in.a
  AR      drivers/media/platform/renesas/rcar-isp/built-in.a
  AR      drivers/media/platform/rockchip/rga/built-in.a
  AR      drivers/media/platform/renesas/rcar-vin/built-in.a
  AR      drivers/media/platform/rockchip/rkcif/built-in.a
  AR      drivers/media/platform/renesas/rzg2l-cru/built-in.a
  CC      drivers/input/mouse/alps.o
  AR      drivers/media/platform/rockchip/rkisp1/built-in.a
  AR      drivers/media/platform/samsung/exynos-gsc/built-in.a
  AR      drivers/media/platform/renesas/rzv2h-ivc/built-in.a
  AR      drivers/media/platform/rockchip/rkvdec/built-in.a
  AR      drivers/media/platform/samsung/exynos4-is/built-in.a
  AR      drivers/media/platform/renesas/vsp1/built-in.a
  AR      drivers/media/platform/rockchip/built-in.a
  AR      drivers/media/platform/renesas/built-in.a
  AR      drivers/media/platform/samsung/s3c-camif/built-in.a
  AR      kernel/built-in.a
  CC      drivers/input/mouse/byd.o
  AR      drivers/media/platform/samsung/s5p-g2d/built-in.a
  AR      drivers/media/platform/st/sti/bdisp/built-in.a
  AR      drivers/media/platform/st/sti/delta/built-in.a
  AR      drivers/media/platform/sunxi/sun4i-csi/built-in.a
  CC      net/ipv4/proc.o
  AR      drivers/media/platform/samsung/s5p-jpeg/built-in.a
  AR      drivers/media/platform/synopsys/hdmirx/built-in.a
  AR      drivers/media/platform/st/sti/hva/built-in.a
  AR      drivers/media/platform/sunxi/sun6i-csi/built-in.a
  AR      drivers/media/platform/synopsys/built-in.a
  AR      drivers/media/platform/samsung/s5p-mfc/built-in.a
  CC      net/ipv4/tunnel4.o
  AR      drivers/media/platform/st/stm32/built-in.a
  AR      drivers/media/platform/samsung/built-in.a
  AR      drivers/media/platform/sunxi/sun6i-mipi-csi2/built-in.a
  AR      drivers/media/platform/st/built-in.a
  AR      drivers/media/platform/sunxi/sun8i-a83t-mipi-csi2/built-in.a
  CC      net/ipv4/inet_diag.o
  AR      drivers/media/platform/sunxi/sun8i-di/built-in.a
  AR      drivers/media/platform/sunxi/sun8i-rotate/built-in.a
  AR      drivers/media/usb/b2c2/built-in.a
  AR      drivers/media/platform/sunxi/built-in.a
  AR      drivers/media/usb/dvb-usb/built-in.a
  AR      drivers/media/platform/ti/am437x/built-in.a
  AR      drivers/media/usb/dvb-usb-v2/built-in.a
  AR      drivers/media/platform/ti/cal/built-in.a
  AR      drivers/media/usb/s2255/built-in.a
  AR      drivers/media/platform/ti/vpe/built-in.a
  AR      drivers/media/usb/siano/built-in.a
  AR      drivers/media/platform/ti/davinci/built-in.a
  CC      fs/ext4/fsync.o
  AR      drivers/media/usb/ttusb-budget/built-in.a
  AR      drivers/media/usb/ttusb-dec/built-in.a
  AR      drivers/media/platform/ti/j721e-csi2rx/built-in.a
  AR      drivers/media/usb/built-in.a
  AR      drivers/media/platform/ti/omap/built-in.a
  CC      fs/fat/inode.o
  AR      drivers/media/platform/ti/omap3isp/built-in.a
  AR      drivers/media/platform/ti/built-in.a
  AR      drivers/media/platform/verisilicon/built-in.a
  CC      net/ipv6/exthdrs_offload.o
  AR      drivers/media/platform/via/built-in.a
  AR      drivers/media/platform/xilinx/built-in.a
  AR      drivers/media/platform/built-in.a
  AR      drivers/media/mmc/siano/built-in.a
  AR      drivers/media/mmc/built-in.a
  AR      drivers/media/firewire/built-in.a
  CC      fs/isofs/util.o
  AR      drivers/media/spi/built-in.a
  AR      drivers/media/test-drivers/built-in.a
  AR      drivers/media/built-in.a
  CC      net/ipv6/inet6_hashtables.o
  CC      fs/exportfs/expfs.o
  CC      net/ipv4/tcp_diag.o
  CC      net/ipv4/tcp_cubic.o
  CC      drivers/pps/pps.o
  CC      fs/ext4/hash.o
  CC      net/ipv6/mcast_snoop.o
  CC      fs/isofs/rock.o
  CC      fs/fat/misc.o
  CC      fs/fat/nfs.o
  CC      fs/fat/namei_vfat.o
  AR      fs/jbd2/built-in.a
  CC      fs/nls/nls_base.o
  CC      drivers/pps/kapi.o
  CC      fs/nls/nls_cp437.o
  AR      fs/exportfs/built-in.a
  CC      fs/nls/nls_iso8859-1.o
  CC      drivers/pps/sysfs.o
  CC      fs/ext4/ialloc.o
  CC      fs/ext4/indirect.o
  CC      drivers/input/mouse/logips2pp.o
  AR      drivers/pps/clients/built-in.a
  CC      drivers/ptp/ptp_clock.o
  CC      drivers/ptp/ptp_chardev.o
  CC      drivers/power/reset/syscon-reboot.o
  CC      drivers/power/supply/power_supply_core.o
  CC      drivers/power/supply/power_supply_sysfs.o
  AR      net/ipv6/built-in.a
  AR      fs/unicode/built-in.a
  CC      fs/autofs/init.o
  CC      fs/nls/nls_utf8.o
  CC      fs/autofs/inode.o
  AR      net/ipv4/built-in.a
  CC      fs/isofs/export.o
  AR      net/built-in.a
  CC      drivers/ptp/ptp_sysfs.o
  CC      drivers/ptp/ptp_vclock.o
  AR      drivers/pps/built-in.a
  CC      fs/isofs/joliet.o
  AR      fs/fat/built-in.a
  CC      fs/ext4/inline.o
  CC      drivers/input/mouse/trackpoint.o
  AR      drivers/power/reset/built-in.a
  AR      fs/hostfs/built-in.a
  CC      drivers/ptp/ptp_kvm_arm.o
  AR      fs/nls/built-in.a
  CC      drivers/cpufreq/cpufreq.o
  CC      drivers/ptp/ptp_kvm_common.o
  CC      fs/autofs/root.o
  CC      drivers/cpufreq/freq_table.o
  AR      drivers/mmc/built-in.a
  AR      drivers/ufs/built-in.a
  CC      fs/ext4/inode.o
  AR      drivers/firmware/arm_ffa/built-in.a
  AR      drivers/firmware/arm_scmi/built-in.a
  AR      drivers/firmware/broadcom/built-in.a
  AR      drivers/firmware/meson/built-in.a
  AR      fs/isofs/built-in.a
  AR      drivers/firmware/microchip/built-in.a
  AR      drivers/firmware/cirrus/test/built-in.a
  CC      drivers/cpufreq/cpufreq_performance.o
  AR      drivers/firmware/cirrus/built-in.a
  AR      drivers/crypto/stm32/built-in.a
  AR      drivers/firmware/efi/built-in.a
  CC      drivers/cpufreq/cpufreq_governor_attr_set.o
  AR      drivers/crypto/inside-secure/eip93/built-in.a
  AR      drivers/firmware/imx/built-in.a
  AR      drivers/crypto/inside-secure/built-in.a
  CC      drivers/firmware/psci/psci.o
  CC      fs/autofs/symlink.o
  CC      drivers/input/mouse/cypress_ps2.o
  AR      drivers/power/supply/built-in.a
  AR      drivers/crypto/xilinx/built-in.a
  AR      drivers/power/built-in.a
  AR      drivers/crypto/hisilicon/built-in.a
  CC      drivers/clocksource/timer-of.o
  AR      drivers/crypto/loongson/built-in.a
  AR      drivers/crypto/intel/keembay/built-in.a
  CC      fs/ext4/ioctl.o
  AR      drivers/crypto/intel/ixp4xx/built-in.a
  AR      drivers/firmware/qcom/built-in.a
  AR      drivers/crypto/intel/built-in.a
  AR      drivers/firmware/samsung/built-in.a
  AR      drivers/crypto/starfive/built-in.a
  CC      drivers/firmware/smccc/smccc.o
  AR      drivers/crypto/cavium/built-in.a
  AR      drivers/crypto/ti/built-in.a
  AR      drivers/crypto/built-in.a
  CC      drivers/firmware/smccc/kvm_guest.o
  CC      fs/ext4/mballoc.o
  CC      drivers/hid/hid-core.o
  AR      drivers/ptp/built-in.a
  CC      drivers/hid/hid-input.o
  CC      drivers/of/base.o
  CC      drivers/of/cpu.o
  CC      drivers/clocksource/timer-probe.o
  CC      drivers/clocksource/arm_arch_timer.o
  CC      fs/autofs/waitq.o
  CC      fs/ext4/migrate.o
  AR      drivers/firmware/psci/built-in.a
  AR      drivers/firmware/tegra/built-in.a
  CC      fs/autofs/expire.o
  AR      drivers/firmware/xilinx/built-in.a
  CC      fs/ext4/mmp.o
  AR      drivers/input/mouse/built-in.a
  AR      drivers/firmware/smccc/built-in.a
  AR      drivers/input/built-in.a
  AR      drivers/firmware/built-in.a
  AR      drivers/platform/built-in.a
  AR      drivers/hwtracing/intel_th/built-in.a
  AR      drivers/virt/vboxguest/built-in.a
  AR      drivers/virt/coco/built-in.a
  AR      drivers/virt/built-in.a
  AR      drivers/android/built-in.a
  CC      fs/autofs/dev-ioctl.o
  AR      drivers/resctrl/built-in.a
  CC      drivers/clocksource/arm_arch_timer_mmio.o
  CC      drivers/of/device.o
  CC      drivers/hid/hid-quirks.o
  CC      drivers/clocksource/dummy_timer.o
  AR      drivers/cpufreq/built-in.a
  CC      drivers/hid/hid-generic.o
  CC      fs/ext4/move_extent.o
  CC      fs/ext4/namei.o
  CC      fs/ext4/page-io.o
  CC      drivers/of/module.o
  CC      fs/ext4/readpage.o
  CC      fs/ext4/resize.o
  CC      fs/ext4/super.o
  CC      fs/ext4/symlink.o
  AR      fs/autofs/built-in.a
  CC      fs/ext4/sysfs.o
  CC      drivers/of/platform.o
  CC      fs/ext4/xattr.o
  AR      drivers/clocksource/built-in.a
  CC      drivers/of/property.o
  CC      drivers/of/kobj.o
  CC      fs/ext4/xattr_hurd.o
  CC      drivers/of/fdt.o
  CC      fs/ext4/xattr_trusted.o
  CC      fs/ext4/xattr_user.o
  AR      drivers/hid/built-in.a
  CC      fs/ext4/fast_commit.o
  CC      fs/ext4/orphan.o
  DTC     drivers/of/empty_root.dtb
  CC      drivers/of/fdt_address.o
  CC      drivers/of/address.o
  CC      drivers/of/irq.o
  CC      drivers/of/of_reserved_mem.o
  WRAP    drivers/of/empty_root.dtb.S
  AS      drivers/of/empty_root.dtb.o
  AR      drivers/of/built-in.a
  AR      drivers/built-in.a
  AR      fs/ext4/built-in.a
  AR      fs/built-in.a
  AR      built-in.a
  AR      vmlinux.a
  LD      vmlinux.o
  MODPOST vmlinux.symvers
  CC      .vmlinux.export.o
  UPD     include/generated/utsversion.h
  CC      init/version-timestamp.o
  KSYMS   .tmp_vmlinux0.kallsyms.S
  AS      .tmp_vmlinux0.kallsyms.o
  LD      .tmp_vmlinux1
  NM      .tmp_vmlinux1.syms
  KSYMS   .tmp_vmlinux1.kallsyms.S
  AS      .tmp_vmlinux1.kallsyms.o
  LD      .tmp_vmlinux2
  NM      .tmp_vmlinux2.syms
  KSYMS   .tmp_vmlinux2.kallsyms.S
  AS      .tmp_vmlinux2.kallsyms.o
  LD      vmlinux.unstripped
  NM      System.map
  SORTTAB vmlinux.unstripped
  OBJCOPY vmlinux
  GEN     modules.builtin.modinfo
  GEN     modules.builtin
  OBJCOPY arch/arm64/boot/Image
=== built: ===
-rwxr-xr-x. 1 elazarl elazarl 12M Jun 28 23:08 /home/elazarl/mackernel-srv/work/1/wt/patched/05f7e89ab973/arch/arm64/boot/Image

=== building module(s): em_uaf_repro.ko ===
make: Entering directory '/linux'
  UPD     include/generated/compile.h
  CALL    scripts/checksyscalls.sh
  MODPOST Module.symvers
  LDS     scripts/module.lds
make: Leaving directory '/linux'
make: Entering directory '/linux'
make[1]: Entering directory '/mod'
  CC [M]  em_uaf_repro.o
  MODPOST Module.symvers
  CC [M]  em_uaf_repro.mod.o
  CC [M]  .module-common.o
  LD [M]  em_uaf_repro.ko
make[1]: Leaving directory '/mod'
make: Leaving directory '/linux'
